// Jest Snapshot v1, https://goo.gl/fbAQLP

exports[`Collection Page should compile 1`] = `
<ftc-collection-page
  books$={[Function Store]}
  store={[Function Store]}
>
  
      <mat-card
    _ngcontent-c0=""
    class="mat-card"
  >
    
        
    <mat-card-title
      _ngcontent-c0=""
      class="mat-card-title"
    >
      My Collection
    </mat-card-title>
    
      
  </mat-card>
  
      <ftc-book-preview-list
    _ngcontent-c0=""
    _nghost-c2=""
    ng-reflect-books=""
  >
    
      
    
    
    
  </ftc-book-preview-list>
    
</ftc-collection-page>
`;
